5.1191 	DEBUG 	Fullscreen settings ignored as running in pilot mode.
5.1198 	INFO 	Loaded monitor calibration from ['2026_03_31 02:57']
5.3480 	INFO 	Using renderer 'Apple M4 Pro' for graphics
5.3480 	INFO 	OpenGL version supported by driver is 2..
5.3822 	EXP 	Created window1 = Window(allowGUI=False, allowStencil=False, autoLog=True, backendConf=UNKNOWN, backgroundFit=<method-wrapper '__getattribute__' of attributeSetter object at 0x1895d5b70>, backgroundImage=<method-wrapper '__getattribute__' of attributeSetter object at 0x1895d5bd0>, bitsMode=UNKNOWN, blendMode='avg', bpc=(8, 8, 8), color=array([0, 0, 0]), colorSpace='rgb', depthBits=8, fullscr=False, gamma=None, gammaErrorPolicy='raise', infoMsg=UNKNOWN, lms=UNKNOWN, monitor=<psychopy.monitors.calibTools.Monitor object at 0x189664c10>, multiSample=False, name='window1', numSamples=2, pos=[np.float64(356.0), np.float64(191.0)], screen=0, size=array([1600, 1200]), stencilBits=0, stereo=False, title='PsychoPy', units='height', useFBO=True, useRetina=True, viewOri=0.0, viewPos=None, viewScale=None, waitBlanking=True, winType='pyglet')
5.3823 	EXP 	window1: backgroundImage = ''
5.3823 	EXP 	window1: backgroundFit = 'none'
5.4056 	DEBUG 	TextBox2 loaded 1 chars with 0 blanks and 1 valid
5.4134 	DEBUG 	TextBox2 loaded 1 chars with 0 blanks and 1 valid
5.4214 	DEBUG 	TextBox2 loaded 1 chars with 0 blanks and 1 valid
5.4295 	DEBUG 	TextBox2 loaded 1 chars with 0 blanks and 1 valid
5.4376 	DEBUG 	TextBox2 loaded 1 chars with 0 blanks and 1 valid
5.4455 	DEBUG 	TextBox2 loaded 1 chars with 0 blanks and 1 valid
5.4536 	DEBUG 	TextBox2 loaded 1 chars with 0 blanks and 1 valid
5.4617 	DEBUG 	TextBox2 loaded 1 chars with 0 blanks and 1 valid
5.4696 	DEBUG 	TextBox2 loaded 1 chars with 0 blanks and 1 valid
5.4784 	DEBUG 	TextBox2 loaded 1 chars with 0 blanks and 1 valid
5.4862 	DEBUG 	TextBox2 loaded 1 chars with 0 blanks and 1 valid
5.4942 	DEBUG 	TextBox2 loaded 1 chars with 0 blanks and 1 valid
5.5021 	DEBUG 	TextBox2 loaded 1 chars with 0 blanks and 1 valid
5.5101 	DEBUG 	TextBox2 loaded 1 chars with 0 blanks and 1 valid
5.5181 	DEBUG 	TextBox2 loaded 1 chars with 0 blanks and 1 valid
5.5262 	DEBUG 	TextBox2 loaded 1 chars with 0 blanks and 1 valid
5.5342 	DEBUG 	TextBox2 loaded 1 chars with 0 blanks and 1 valid
5.5421 	DEBUG 	TextBox2 loaded 1 chars with 0 blanks and 1 valid
5.5500 	DEBUG 	TextBox2 loaded 1 chars with 0 blanks and 1 valid
5.5583 	DEBUG 	TextBox2 loaded 1 chars with 0 blanks and 1 valid
5.5663 	DEBUG 	TextBox2 loaded 1 chars with 0 blanks and 1 valid
5.5674 	DEBUG 	Uploading Texture Font fontname to graphics card
5.5698 	DEBUG 	Upload of Texture Font fontname complete
5.5805 	DEBUG 	TextBox2 loaded 1 chars with 0 blanks and 1 valid
5.5884 	DEBUG 	TextBox2 loaded 1 chars with 0 blanks and 1 valid
5.5964 	DEBUG 	TextBox2 loaded 1 chars with 0 blanks and 1 valid
5.5965 	DEBUG 	Uploading Texture Font fontname to graphics card
5.5980 	DEBUG 	Upload of Texture Font fontname complete
5.5989 	EXP 	window1: Attempting to measure frame rate of screen (0) ...
5.5989 	EXP 	window1: recordFrameIntervals = False
5.7435 	EXP 	window1: recordFrameIntervals = True
6.5853 	EXP 	window1: recordFrameIntervals = False
6.5855 	EXP 	Screen (0) actual frame rate measured at 118.93Hz
6.5957 	DEBUG 	TextBox2 loaded 1 chars with 0 blanks and 1 valid
6.6035 	DEBUG 	TextBox2 loaded 1 chars with 0 blanks and 1 valid
6.6113 	DEBUG 	TextBox2 loaded 1 chars with 0 blanks and 1 valid
6.6194 	DEBUG 	TextBox2 loaded 1 chars with 0 blanks and 1 valid
6.6275 	DEBUG 	TextBox2 loaded 1 chars with 0 blanks and 1 valid
6.6355 	DEBUG 	TextBox2 loaded 1 chars with 0 blanks and 1 valid
6.6433 	DEBUG 	TextBox2 loaded 1 chars with 0 blanks and 1 valid
6.6513 	DEBUG 	TextBox2 loaded 1 chars with 0 blanks and 1 valid
6.6594 	DEBUG 	TextBox2 loaded 1 chars with 0 blanks and 1 valid
6.6676 	DEBUG 	TextBox2 loaded 1 chars with 0 blanks and 1 valid
6.6677 	DEBUG 	Uploading Texture Font fontname to graphics card
6.6697 	DEBUG 	Upload of Texture Font fontname complete
7.6752 	INFO 	keyboard.Keyboard is using ptb backend.
7.6752 	EXP 	cog_mod_1_exercise: status = STARTED
7.7125 	EXP 	Created intro = TextStim(__class__=<class 'psychopy.visual.text.TextStim'>, alignHoriz=method-wrapper(...), alignText='center', alignVert=method-wrapper(...), anchorHoriz='center', anchorVert='center', antialias=True, autoDraw=False, autoLog=True, bold=False, color=array([1., 1., 1.]), colorSpace='rgb', contrast=1.0, depth=0.0, draggable=False, flipHoriz=False, flipVert=False, font='Arial', fontFiles=[], height=np.float64(0.05), italic=False, languageStyle='LTR', name='intro', opacity=1, ori=0.0, pos=array([0., 0.]), rgb=UNKNOWN, text=str(...), units='height', win=Window(...), wrapWidth=1)
0.0895 	INFO 	Keyboard events cleared
0.0894 	EXP 	intro: autoDraw = True
4.1696 	EXP 	Device response: <KeyPress from None: t=4.158316208049655, value=space, duration=None>
4.1751 	DATA 	Keypress: space
4.1771 	EXP 	intro: autoDraw = False
4.1781 	EXP 	cog_mod_1_exercise: status = STOPPED
4.1787 	INFO 	saved data to '/Users/emil/Desktop/DTU Engineering Acoustics/02458 Cognitive Modelling/Cog_Mod_1_exercise/data/pilot_cog_mod_1_exercise_2026-09-03_11h11.06.714.csv'
4.1788 	INFO 	saved data to /Users/emil/Desktop/DTU Engineering Acoustics/02458 Cognitive Modelling/Cog_Mod_1_exercise/data/pilot_cog_mod_1_exercise_2026-09-03_11h11.06.714.psydat
4.2725 	DEBUG 	Saving data for cog_mod_1_exercise ExperimentHandler
4.2762 	INFO 	Stopping keyboard key buffers.
